// Jest Snapshot v1, https://goo.gl/fbAQLP

exports[`<DatePicker /> renders correctly with out crash 1`] = `ShallowWrapper {}`;
